// Jest Snapshot v1, https://goo.gl/fbAQLP

exports[`Header renders properly 1`] = `
<div>
  <h1>
    Login
  </h1>
</div>
`;
